--------- beginning of main
06-03 12:38:00.144 I/wearvian(  784): MainActivity: onCreate; requesting permissions
06-03 12:38:00.567 I/wearvian(  784): permissions result: {android.permission.BLUETOOTH_SCAN=true, android.permission.BLUETOOTH_CONNECT=true, android.permission.BLUETOOTH_ADVERTISE=true, android.permission.POST_NOTIFICATIONS=true}
06-03 12:38:02.714 I/wearvian(  784): refresh: enrolled=true hasKey=true bonded=true vin=7PDSGABA6PN021246
06-03 12:38:04.142 I/wearvian(  784): setPresence: true
06-03 12:38:04.301 I/wearvian(  784): PresenceService: onStartCommand
06-03 12:38:04.420 I/wearvian(  784): dbg: presence: wake lock acquired
06-03 12:38:05.165 I/wearvian(  784): dbg: presence: loop start for 7PDSGABA6PN021246
06-03 12:38:05.173 I/wearvian(  784): KeyManager: ECDH against vehiclePublicKey=04775F67AFF21A92…
06-03 12:38:06.753 I/wearvian(  784): dbg: · PK  connecting 2C:A7:74:FE:3C:B1
06-03 12:38:07.418 I/wearvian(  784): dbg: · PK  connected
06-03 12:38:07.616 I/wearvian(  784): dbg: · PK  discovered (4 svc) connPriReq=true
06-03 12:38:07.963 I/wearvian(  784): dbg: · PK  notify 0x1c=true 0x20=true 0x12=true 0x15=true; → phoneId
06-03 12:38:08.030 I/wearvian(  784): dbg: → PK/0x12  phoneId written; awaiting echo
06-03 12:38:08.059 I/wearvian(  784): dbg: · PK  phoneId echo ok b3fa08fd8a76…
06-03 12:38:08.211 I/wearvian(  784): dbg: → PK/0x15  pNonce written; awaiting vNonce
06-03 12:38:08.317 I/wearvian(  784): dbg: PK: session up (vNonce 5e1a3d65…)
06-03 12:38:08.332 I/wearvian(  784): dbg: ← PK/0x20  msg 0101010603b13cfe74a72c  11B
06-03 12:38:08.353 I/wearvian(  784): dbg: ← PK/0x20  msg 0303  2B
06-03 12:38:08.366 I/wearvian(  784): dbg: ← PK/0x1c  status 0000000010070c0f004011151e01005078000000  20B
06-03 12:38:08.376 I/wearvian(  784): dbg: → PK/0x20  SensorInformation(01)  1B
06-03 12:38:08.382 I/wearvian(  784): dbg: ← PK/0x20  msg 0101010603b13cfe74a72c  11B
06-03 12:38:08.387 I/wearvian(  784): dbg: · PK  0x1b props=0x0c → WITH_RESPONSE
06-03 12:38:08.983 I/wearvian(  784): dbg: → PK/0x1b  hb ctr=0 rssi=-70  37B
06-03 12:38:12.991 I/wearvian(  784): dbg: · S2  Rivian Sensor 2 74:B8:39:FA:42:83 rssi=-54 → session
06-03 12:38:12.995 I/wearvian(  784): dbg: · S2  connecting 74:B8:39:FA:42:83
06-03 12:38:13.139 I/wearvian(  784): dbg: · S2  connected
06-03 12:38:14.497 I/wearvian(  784): dbg: · S1  Rivian Sensor 1 74:B8:39:43:03:57 rssi=-67 → session
06-03 12:38:14.501 I/wearvian(  784): dbg: · S1  connecting 74:B8:39:43:03:57
06-03 12:38:14.666 I/wearvian(  784): dbg: · S1  connected
06-03 12:38:14.774 I/wearvian(  784): dbg: · S2  discovered (4 svc) connPriReq=true
06-03 12:38:14.986 I/wearvian(  784): dbg: · S2  disconnected status=0x05
06-03 12:38:16.003 I/wearvian(  784): dbg: · S4  Rivian Sensor 4 74:B8:39:E9:77:8D rssi=-77 → session
06-03 12:38:16.007 I/wearvian(  784): dbg: · S4  connecting 74:B8:39:E9:77:8D
06-03 12:38:16.125 I/wearvian(  784): dbg: · S4  connected
06-03 12:38:16.240 I/wearvian(  784): dbg: · S1  discovered (4 svc) connPriReq=true
06-03 12:38:16.458 I/wearvian(  784): dbg: · S1  disconnected status=0x05
06-03 12:38:17.507 I/wearvian(  784): dbg: · S3  Rivian Sensor 3 74:B8:39:F1:64:89 rssi=-78 → session
06-03 12:38:17.512 I/wearvian(  784): dbg: · S3  connecting 74:B8:39:F1:64:89
06-03 12:38:17.685 I/wearvian(  784): dbg: · S3  connected
06-03 12:38:18.845 I/wearvian(  784): dbg: · S4  discovered (4 svc) connPriReq=true
06-03 12:38:19.143 I/wearvian(  784): dbg: · S4  disconnected status=0x05
06-03 12:38:19.650 I/wearvian(  784): dbg: · S3  discovered (4 svc) connPriReq=true
06-03 12:38:19.659 I/wearvian(  784): dbg: → PK/0x1b  hb ctr=10 rssi=-68  37B
06-03 12:38:19.801 I/wearvian(  784): dbg: · S2  notify CCCD 0x1c acked=false (timeout)
06-03 12:38:19.804 I/wearvian(  784): dbg: · S2  notify CCCD 0x20 submit rejected rc=SERVICE_NOT_BOUND
06-03 12:38:19.805 I/wearvian(  784): dbg: · S2  notify CCCD 0x12 submit rejected rc=SERVICE_NOT_BOUND
06-03 12:38:19.809 I/wearvian(  784): dbg: · S2  notify CCCD 0x15 submit rejected rc=SERVICE_NOT_BOUND
06-03 12:38:19.810 I/wearvian(  784): dbg: · S2  notify 0x1c=false 0x20=false 0x12=false 0x15=false; → phoneId
06-03 12:38:19.812 I/wearvian(  784): dbg: S2: session ended — write 0x12 rejected rc=SERVICE_NOT_BOUND
06-03 12:38:19.866 I/wearvian(  784): dbg: · S3  disconnected status=0x05
06-03 12:38:21.250 I/wearvian(  784): dbg: · S1  notify CCCD 0x1c acked=false (timeout)
06-03 12:38:21.251 I/wearvian(  784): dbg: · S1  notify CCCD 0x20 submit rejected rc=SERVICE_NOT_BOUND
06-03 12:38:21.254 I/wearvian(  784): dbg: · S1  notify CCCD 0x12 submit rejected rc=SERVICE_NOT_BOUND
06-03 12:38:21.257 I/wearvian(  784): dbg: · S1  notify CCCD 0x15 submit rejected rc=SERVICE_NOT_BOUND
06-03 12:38:21.259 I/wearvian(  784): dbg: · S1  notify 0x1c=false 0x20=false 0x12=false 0x15=false; → phoneId
06-03 12:38:21.262 I/wearvian(  784): dbg: S1: session ended — write 0x12 rejected rc=SERVICE_NOT_BOUND
06-03 12:38:21.315 I/wearvian(  784): dbg: · S2  connecting 74:B8:39:FA:42:83
06-03 12:38:21.583 I/wearvian(  784): dbg: · S2  connected
06-03 12:38:22.765 I/wearvian(  784): dbg: · S1  connecting 74:B8:39:43:03:57
06-03 12:38:22.944 I/wearvian(  784): dbg: · S1  connected
06-03 12:38:23.180 I/wearvian(  784): dbg: · S2  discovered (4 svc) connPriReq=true
06-03 12:38:23.380 I/wearvian(  784): dbg: · S2  disconnected status=0x05
06-03 12:38:23.858 I/wearvian(  784): dbg: · S4  notify CCCD 0x1c acked=false (timeout)
06-03 12:38:23.862 I/wearvian(  784): dbg: · S4  notify CCCD 0x20 submit rejected rc=SERVICE_NOT_BOUND
06-03 12:38:23.866 I/wearvian(  784): dbg: · S4  notify CCCD 0x12 submit rejected rc=SERVICE_NOT_BOUND
06-03 12:38:23.869 I/wearvian(  784): dbg: · S4  notify CCCD 0x15 submit rejected rc=SERVICE_NOT_BOUND
06-03 12:38:23.871 I/wearvian(  784): dbg: · S4  notify 0x1c=false 0x20=false 0x12=false 0x15=false; → phoneId
06-03 12:38:23.874 I/wearvian(  784): dbg: S4: session ended — write 0x12 rejected rc=SERVICE_NOT_BOUND
06-03 12:38:24.615 I/wearvian(  784): dbg: · S1  discovered (4 svc) connPriReq=true
06-03 12:38:24.665 I/wearvian(  784): dbg: · S3  notify CCCD 0x1c acked=false (timeout)
06-03 12:38:24.668 I/wearvian(  784): dbg: · S3  notify CCCD 0x20 submit rejected rc=SERVICE_NOT_BOUND
06-03 12:38:24.671 I/wearvian(  784): dbg: · S3  notify CCCD 0x12 submit rejected rc=SERVICE_NOT_BOUND
06-03 12:38:24.675 I/wearvian(  784): dbg: · S3  notify CCCD 0x15 submit rejected rc=SERVICE_NOT_BOUND
06-03 12:38:24.677 I/wearvian(  784): dbg: · S3  notify 0x1c=false 0x20=false 0x12=false 0x15=false; → phoneId
06-03 12:38:24.681 I/wearvian(  784): dbg: S3: session ended — write 0x12 rejected rc=SERVICE_NOT_BOUND
06-03 12:38:24.864 I/wearvian(  784): dbg: · S1  disconnected status=0x05
06-03 12:38:25.386 I/wearvian(  784): dbg: · S4  connecting 74:B8:39:E9:77:8D
06-03 12:38:25.629 I/wearvian(  784): dbg: · S4  connected
06-03 12:38:26.187 I/wearvian(  784): dbg: · S3  connecting 74:B8:39:F1:64:89
06-03 12:38:26.635 I/wearvian(  784): dbg: · S3  connected
06-03 12:38:27.629 I/wearvian(  784): dbg: · S4  discovered (4 svc) connPriReq=true
06-03 12:38:27.834 I/wearvian(  784): dbg: · S4  disconnected status=0x05
06-03 12:38:28.191 I/wearvian(  784): dbg: · S2  notify CCCD 0x1c acked=false (timeout)
06-03 12:38:28.193 I/wearvian(  784): dbg: · S2  notify CCCD 0x20 submit rejected rc=SERVICE_NOT_BOUND
06-03 12:38:28.198 I/wearvian(  784): dbg: · S2  notify CCCD 0x12 submit rejected rc=SERVICE_NOT_BOUND
06-03 12:38:28.199 I/wearvian(  784): dbg: · S2  notify CCCD 0x15 submit rejected rc=SERVICE_NOT_BOUND
06-03 12:38:28.200 I/wearvian(  784): dbg: · S2  notify 0x1c=false 0x20=false 0x12=false 0x15=false; → phoneId
06-03 12:38:28.204 I/wearvian(  784): dbg: S2: session ended — write 0x12 rejected rc=SERVICE_NOT_BOUND
06-03 12:38:28.497 I/wearvian(  784): dbg: · S3  discovered (4 svc) connPriReq=true
06-03 12:38:28.719 I/wearvian(  784): dbg: · S3  disconnected status=0x05
06-03 12:38:29.633 I/wearvian(  784): dbg: · S1  notify CCCD 0x1c acked=false (timeout)
06-03 12:38:29.638 I/wearvian(  784): dbg: · S1  notify CCCD 0x20 submit rejected rc=SERVICE_NOT_BOUND
06-03 12:38:29.642 I/wearvian(  784): dbg: · S1  notify CCCD 0x12 submit rejected rc=SERVICE_NOT_BOUND
06-03 12:38:29.644 I/wearvian(  784): dbg: · S1  notify CCCD 0x15 submit rejected rc=SERVICE_NOT_BOUND
06-03 12:38:29.646 I/wearvian(  784): dbg: · S1  notify 0x1c=false 0x20=false 0x12=false 0x15=false; → phoneId
06-03 12:38:29.650 I/wearvian(  784): dbg: S1: session ended — write 0x12 rejected rc=SERVICE_NOT_BOUND
06-03 12:38:29.707 I/wearvian(  784): dbg: · S2  connecting 74:B8:39:FA:42:83
06-03 12:38:29.842 I/wearvian(  784): dbg: · S2  connected
06-03 12:38:30.379 I/wearvian(  784): dbg: → PK/0x1b  hb ctr=20 rssi=-69  37B
06-03 12:38:31.158 I/wearvian(  784): dbg: · S1  connecting 74:B8:39:43:03:57
06-03 12:38:31.287 I/wearvian(  784): dbg: · S1  connected
06-03 12:38:31.509 I/wearvian(  784): dbg: · S2  discovered (4 svc) connPriReq=true
06-03 12:38:31.727 I/wearvian(  784): dbg: · S2  disconnected status=0x05
06-03 12:38:32.642 I/wearvian(  784): dbg: · S4  notify CCCD 0x1c acked=false (timeout)
06-03 12:38:32.646 I/wearvian(  784): dbg: · S4  notify CCCD 0x20 submit rejected rc=SERVICE_NOT_BOUND
06-03 12:38:32.650 I/wearvian(  784): dbg: · S4  notify CCCD 0x12 submit rejected rc=SERVICE_NOT_BOUND
06-03 12:38:32.653 I/wearvian(  784): dbg: · S4  notify CCCD 0x15 submit rejected rc=SERVICE_NOT_BOUND
06-03 12:38:32.655 I/wearvian(  784): dbg: · S4  notify 0x1c=false 0x20=false 0x12=false 0x15=false; → phoneId
06-03 12:38:32.658 I/wearvian(  784): dbg: S4: session ended — write 0x12 rejected rc=SERVICE_NOT_BOUND
06-03 12:38:32.939 I/wearvian(  784): dbg: · S1  discovered (4 svc) connPriReq=true
06-03 12:38:33.150 I/wearvian(  784): dbg: · S1  disconnected status=0x05
06-03 12:38:33.510 I/wearvian(  784): dbg: · S3  notify CCCD 0x1c acked=false (timeout)
06-03 12:38:33.513 I/wearvian(  784): dbg: · S3  notify CCCD 0x20 submit rejected rc=SERVICE_NOT_BOUND
06-03 12:38:33.515 I/wearvian(  784): dbg: · S3  notify CCCD 0x12 submit rejected rc=SERVICE_NOT_BOUND
06-03 12:38:33.517 I/wearvian(  784): dbg: · S3  notify CCCD 0x15 submit rejected rc=SERVICE_NOT_BOUND
06-03 12:38:33.519 I/wearvian(  784): dbg: · S3  notify 0x1c=false 0x20=false 0x12=false 0x15=false; → phoneId
06-03 12:38:33.522 I/wearvian(  784): dbg: S3: session ended — write 0x12 rejected rc=SERVICE_NOT_BOUND
06-03 12:38:34.163 I/wearvian(  784): dbg: · S4  connecting 74:B8:39:E9:77:8D
06-03 12:38:34.361 I/wearvian(  784): dbg: · S4  connected
06-03 12:38:35.030 I/wearvian(  784): dbg: · S3  connecting 74:B8:39:F1:64:89
06-03 12:38:35.209 I/wearvian(  784): dbg: · S3  connected
06-03 12:38:36.080 I/wearvian(  784): dbg: · S4  discovered (4 svc) connPriReq=true
06-03 12:38:36.307 I/wearvian(  784): dbg: · S4  disconnected status=0x05
06-03 12:38:36.525 I/wearvian(  784): dbg: · S2  notify CCCD 0x1c acked=false (timeout)
06-03 12:38:36.534 I/wearvian(  784): dbg: · S2  notify CCCD 0x20 submit rejected rc=SERVICE_NOT_BOUND
06-03 12:38:36.539 I/wearvian(  784): dbg: · S2  notify CCCD 0x12 submit rejected rc=SERVICE_NOT_BOUND
06-03 12:38:36.541 I/wearvian(  784): dbg: · S2  notify CCCD 0x15 submit rejected rc=SERVICE_NOT_BOUND
06-03 12:38:36.542 I/wearvian(  784): dbg: · S2  notify 0x1c=false 0x20=false 0x12=false 0x15=false; → phoneId
06-03 12:38:36.544 I/wearvian(  784): dbg: S2: session ended — write 0x12 rejected rc=SERVICE_NOT_BOUND
06-03 12:38:37.113 I/wearvian(  784): dbg: · S3  discovered (4 svc) connPriReq=true
06-03 12:38:37.426 I/wearvian(  784): dbg: · S3  disconnected status=0x05
06-03 12:38:37.952 I/wearvian(  784): dbg: · S1  notify CCCD 0x1c acked=false (timeout)
06-03 12:38:37.959 I/wearvian(  784): dbg: · S1  notify CCCD 0x20 submit rejected rc=SERVICE_NOT_BOUND
06-03 12:38:37.961 I/wearvian(  784): dbg: · S1  notify CCCD 0x12 submit rejected rc=SERVICE_NOT_BOUND
06-03 12:38:37.963 I/wearvian(  784): dbg: · S1  notify CCCD 0x15 submit rejected rc=SERVICE_NOT_BOUND
06-03 12:38:37.964 I/wearvian(  784): dbg: · S1  notify 0x1c=false 0x20=false 0x12=false 0x15=false; → phoneId
06-03 12:38:37.967 I/wearvian(  784): dbg: S1: session ended — write 0x12 rejected rc=SERVICE_NOT_BOUND
06-03 12:38:38.048 I/wearvian(  784): dbg: · S2  connecting 74:B8:39:FA:42:83
06-03 12:38:38.358 I/wearvian(  784): dbg: · S2  connected
06-03 12:38:39.478 I/wearvian(  784): dbg: · S1  connecting 74:B8:39:43:03:57
06-03 12:38:39.675 I/wearvian(  784): dbg: · S1  connected
06-03 12:38:40.299 I/wearvian(  784): dbg: · S2  discovered (4 svc) connPriReq=true
06-03 12:38:40.574 I/wearvian(  784): dbg: · S2  disconnected status=0x05
06-03 12:38:41.110 I/wearvian(  784): dbg: · S4  notify CCCD 0x1c acked=false (timeout)
06-03 12:38:41.113 I/wearvian(  784): dbg: · S4  notify CCCD 0x20 submit rejected rc=SERVICE_NOT_BOUND
06-03 12:38:41.115 I/wearvian(  784): dbg: · S4  notify CCCD 0x12 submit rejected rc=SERVICE_NOT_BOUND
06-03 12:38:41.117 I/wearvian(  784): dbg: · S4  notify CCCD 0x15 submit rejected rc=SERVICE_NOT_BOUND
06-03 12:38:41.118 I/wearvian(  784): dbg: · S4  notify 0x1c=false 0x20=false 0x12=false 0x15=false; → phoneId
06-03 12:38:41.121 I/wearvian(  784): dbg: S4: session ended — write 0x12 rejected rc=SERVICE_NOT_BOUND
06-03 12:38:41.277 I/wearvian(  784): dbg: · S1  discovered (4 svc) connPriReq=true
06-03 12:38:41.492 I/wearvian(  784): dbg: · S1  disconnected status=0x05
06-03 12:38:42.125 I/wearvian(  784): dbg: · S3  notify CCCD 0x1c acked=false (timeout)
06-03 12:38:42.127 I/wearvian(  784): dbg: · S3  notify CCCD 0x20 submit rejected rc=SERVICE_NOT_BOUND
06-03 12:38:42.129 I/wearvian(  784): dbg: · S3  notify CCCD 0x12 submit rejected rc=SERVICE_NOT_BOUND
06-03 12:38:42.131 I/wearvian(  784): dbg: · S3  notify CCCD 0x15 submit rejected rc=SERVICE_NOT_BOUND
06-03 12:38:42.132 I/wearvian(  784): dbg: · S3  notify 0x1c=false 0x20=false 0x12=false 0x15=false; → phoneId
06-03 12:38:42.134 I/wearvian(  784): dbg: S3: session ended — write 0x12 rejected rc=SERVICE_NOT_BOUND
06-03 12:38:42.618 I/wearvian(  784): dbg: → PK/0x1b  hb ctr=30 rssi=-69  37B
06-03 12:38:42.624 I/wearvian(  784): dbg: · S4  connecting 74:B8:39:E9:77:8D
06-03 12:38:42.953 I/wearvian(  784): dbg: · S4  connected
06-03 12:38:43.650 I/wearvian(  784): dbg: · S3  connecting 74:B8:39:F1:64:89
06-03 12:38:43.935 I/wearvian(  784): dbg: · S3  connected
06-03 12:38:44.653 I/wearvian(  784): dbg: · S4  discovered (4 svc) connPriReq=true
06-03 12:38:45.058 I/wearvian(  784): dbg: · S4  disconnected status=0x05
06-03 12:38:45.322 I/wearvian(  784): dbg: · S2  notify CCCD 0x1c acked=false (timeout)
06-03 12:38:45.335 I/wearvian(  784): dbg: · S2  notify CCCD 0x20 submit rejected rc=SERVICE_NOT_BOUND
06-03 12:38:45.353 I/wearvian(  784): dbg: · S2  notify CCCD 0x12 submit rejected rc=SERVICE_NOT_BOUND
06-03 12:38:45.354 I/wearvian(  784): dbg: · S2  notify CCCD 0x15 submit rejected rc=SERVICE_NOT_BOUND
06-03 12:38:45.355 I/wearvian(  784): dbg: · S2  notify 0x1c=false 0x20=false 0x12=false 0x15=false; → phoneId
06-03 12:38:45.363 I/wearvian(  784): dbg: S2: session ended — write 0x12 rejected rc=SERVICE_NOT_BOUND
06-03 12:38:45.990 I/wearvian(  784): dbg: · S3  discovered (4 svc) connPriReq=true
06-03 12:38:46.202 I/wearvian(  784): dbg: · S3  disconnected status=0x05
06-03 12:38:46.286 I/wearvian(  784): dbg: · S1  notify CCCD 0x1c acked=false (timeout)
06-03 12:38:46.287 I/wearvian(  784): dbg: · S1  notify CCCD 0x20 submit rejected rc=SERVICE_NOT_BOUND
06-03 12:38:46.289 I/wearvian(  784): dbg: · S1  notify CCCD 0x12 submit rejected rc=SERVICE_NOT_BOUND
06-03 12:38:46.290 I/wearvian(  784): dbg: · S1  notify CCCD 0x15 submit rejected rc=SERVICE_NOT_BOUND
06-03 12:38:46.291 I/wearvian(  784): dbg: · S1  notify 0x1c=false 0x20=false 0x12=false 0x15=false; → phoneId
06-03 12:38:46.294 I/wearvian(  784): dbg: S1: session ended — write 0x12 rejected rc=SERVICE_NOT_BOUND
06-03 12:38:46.869 I/wearvian(  784): dbg: · S2  connecting 74:B8:39:FA:42:83
06-03 12:38:47.102 I/wearvian(  784): dbg: · S2  connected
06-03 12:38:47.802 I/wearvian(  784): dbg: · S1  connecting 74:B8:39:43:03:57
06-03 12:38:48.202 I/wearvian(  784): dbg: · S1  connected
06-03 12:38:48.803 I/wearvian(  784): dbg: · S2  discovered (4 svc) connPriReq=true
06-03 12:38:49.022 I/wearvian(  784): dbg: · S2  disconnected status=0x05
06-03 12:38:49.673 I/wearvian(  784): dbg: · S4  notify CCCD 0x1c acked=false (timeout)
06-03 12:38:49.707 I/wearvian(  784): dbg: · S4  notify CCCD 0x20 submit rejected rc=SERVICE_NOT_BOUND
06-03 12:38:49.709 I/wearvian(  784): dbg: · S4  notify CCCD 0x12 submit rejected rc=SERVICE_NOT_BOUND
06-03 12:38:49.710 I/wearvian(  784): dbg: · S4  notify CCCD 0x15 submit rejected rc=SERVICE_NOT_BOUND
06-03 12:38:49.711 I/wearvian(  784): dbg: · S4  notify 0x1c=false 0x20=false 0x12=false 0x15=false; → phoneId
06-03 12:38:49.714 I/wearvian(  784): dbg: S4: session ended — write 0x12 rejected rc=SERVICE_NOT_BOUND
06-03 12:38:49.795 I/wearvian(  784): dbg: · S1  discovered (4 svc) connPriReq=true
06-03 12:38:49.997 I/wearvian(  784): dbg: · S1  disconnected status=0x05
06-03 12:38:51.007 I/wearvian(  784): dbg: · S3  notify CCCD 0x1c acked=false (timeout)
06-03 12:38:51.009 I/wearvian(  784): dbg: · S3  notify CCCD 0x20 submit rejected rc=SERVICE_NOT_BOUND
06-03 12:38:51.012 I/wearvian(  784): dbg: · S3  notify CCCD 0x12 submit rejected rc=SERVICE_NOT_BOUND
06-03 12:38:51.015 I/wearvian(  784): dbg: · S3  notify CCCD 0x15 submit rejected rc=SERVICE_NOT_BOUND
06-03 12:38:51.016 I/wearvian(  784): dbg: · S3  notify 0x1c=false 0x20=false 0x12=false 0x15=false; → phoneId
06-03 12:38:51.019 I/wearvian(  784): dbg: S3: session ended — write 0x12 rejected rc=SERVICE_NOT_BOUND
06-03 12:38:51.217 I/wearvian(  784): dbg: · S4  connecting 74:B8:39:E9:77:8D
06-03 12:38:51.343 I/wearvian(  784): dbg: · S4  connected
06-03 12:38:52.524 I/wearvian(  784): dbg: · S3  connecting 74:B8:39:F1:64:89
06-03 12:38:52.634 I/wearvian(  784): dbg: · S3  connected
06-03 12:38:53.078 I/wearvian(  784): dbg: · S4  discovered (4 svc) connPriReq=true
06-03 12:38:53.328 I/wearvian(  784): dbg: · S4  disconnected status=0x05
06-03 12:38:53.824 I/wearvian(  784): dbg: · S2  notify CCCD 0x1c acked=false (timeout)
06-03 12:38:53.829 I/wearvian(  784): dbg: · S2  notify CCCD 0x20 submit rejected rc=SERVICE_NOT_BOUND
06-03 12:38:53.831 I/wearvian(  784): dbg: · S2  notify CCCD 0x12 submit rejected rc=SERVICE_NOT_BOUND
06-03 12:38:53.834 I/wearvian(  784): dbg: · S2  notify CCCD 0x15 submit rejected rc=SERVICE_NOT_BOUND
06-03 12:38:53.836 I/wearvian(  784): dbg: · S2  notify 0x1c=false 0x20=false 0x12=false 0x15=false; → phoneId
06-03 12:38:53.839 I/wearvian(  784): dbg: S2: session ended — write 0x12 rejected rc=SERVICE_NOT_BOUND
06-03 12:38:54.766 I/wearvian(  784): dbg: · S3  discovered (4 svc) connPriReq=true
06-03 12:38:54.809 I/wearvian(  784): dbg: · S1  notify CCCD 0x1c acked=false (timeout)
06-03 12:38:54.810 I/wearvian(  784): dbg: · S1  notify CCCD 0x20 submit rejected rc=SERVICE_NOT_BOUND
06-03 12:38:54.811 I/wearvian(  784): dbg: · S1  notify CCCD 0x12 submit rejected rc=SERVICE_NOT_BOUND
06-03 12:38:54.813 I/wearvian(  784): dbg: · S1  notify CCCD 0x15 submit rejected rc=SERVICE_NOT_BOUND
06-03 12:38:54.814 I/wearvian(  784): dbg: · S1  notify 0x1c=false 0x20=false 0x12=false 0x15=false; → phoneId
06-03 12:38:54.817 I/wearvian(  784): dbg: S1: session ended — write 0x12 rejected rc=SERVICE_NOT_BOUND
06-03 12:38:54.992 I/wearvian(  784): dbg: · S3  disconnected status=0x05
06-03 12:38:55.336 I/wearvian(  784): dbg: → PK/0x1b  hb ctr=40 rssi=-70  37B
06-03 12:38:55.343 I/wearvian(  784): dbg: · S2  connecting 74:B8:39:FA:42:83
06-03 12:38:55.519 I/wearvian(  784): dbg: · S2  connected
06-03 12:38:56.324 I/wearvian(  784): dbg: · S1  connecting 74:B8:39:43:03:57
06-03 12:38:56.569 I/wearvian(  784): dbg: · S1  connected
06-03 12:38:57.150 I/wearvian(  784): dbg: · S2  discovered (4 svc) connPriReq=true
06-03 12:38:57.398 I/wearvian(  784): dbg: · S2  disconnected status=0x05
06-03 12:38:58.096 I/wearvian(  784): dbg: · S4  notify CCCD 0x1c acked=false (timeout)
06-03 12:38:58.099 I/wearvian(  784): dbg: · S4  notify CCCD 0x20 submit rejected rc=SERVICE_NOT_BOUND
06-03 12:38:58.102 I/wearvian(  784): dbg: · S4  notify CCCD 0x12 submit rejected rc=SERVICE_NOT_BOUND
06-03 12:38:58.104 I/wearvian(  784): dbg: · S4  notify CCCD 0x15 submit rejected rc=SERVICE_NOT_BOUND
06-03 12:38:58.106 I/wearvian(  784): dbg: · S4  notify 0x1c=false 0x20=false 0x12=false 0x15=false; → phoneId
06-03 12:38:58.109 I/wearvian(  784): dbg: S4: session ended — write 0x12 rejected rc=SERVICE_NOT_BOUND
06-03 12:38:58.315 I/wearvian(  784): dbg: · S1  discovered (4 svc) connPriReq=true
06-03 12:38:58.531 I/wearvian(  784): dbg: · S1  disconnected status=0x05
06-03 12:38:59.615 I/wearvian(  784): dbg: · S4  connecting 74:B8:39:E9:77:8D
06-03 12:38:59.744 I/wearvian(  784): dbg: · S4  connected
06-03 12:38:59.782 I/wearvian(  784): dbg: · S3  notify CCCD 0x1c acked=false (timeout)
06-03 12:38:59.793 I/wearvian(  784): dbg: · S3  notify CCCD 0x20 submit rejected rc=SERVICE_NOT_BOUND
06-03 12:38:59.794 I/wearvian(  784): dbg: · S3  notify CCCD 0x12 submit rejected rc=SERVICE_NOT_BOUND
06-03 12:38:59.797 I/wearvian(  784): dbg: · S3  notify CCCD 0x15 submit rejected rc=SERVICE_NOT_BOUND
06-03 12:38:59.798 I/wearvian(  784): dbg: · S3  notify 0x1c=false 0x20=false 0x12=false 0x15=false; → phoneId
06-03 12:38:59.805 I/wearvian(  784): dbg: S3: session ended — write 0x12 rejected rc=SERVICE_NOT_BOUND
06-03 12:39:01.311 I/wearvian(  784): dbg: · S3  connecting 74:B8:39:F1:64:89
06-03 12:39:01.493 I/wearvian(  784): dbg: · S4  discovered (4 svc) connPriReq=true
06-03 12:39:01.717 I/wearvian(  784): dbg: · S4  disconnected status=0x05
06-03 12:39:01.785 I/wearvian(  784): dbg: · S3  connected
06-03 12:39:02.172 I/wearvian(  784): dbg: · S2  notify CCCD 0x1c acked=false (timeout)
06-03 12:39:02.174 I/wearvian(  784): dbg: · S2  notify CCCD 0x20 submit rejected rc=SERVICE_NOT_BOUND
06-03 12:39:02.177 I/wearvian(  784): dbg: · S2  notify CCCD 0x12 submit rejected rc=SERVICE_NOT_BOUND
06-03 12:39:02.180 I/wearvian(  784): dbg: · S2  notify CCCD 0x15 submit rejected rc=SERVICE_NOT_BOUND
06-03 12:39:02.181 I/wearvian(  784): dbg: · S2  notify 0x1c=false 0x20=false 0x12=false 0x15=false; → phoneId
06-03 12:39:02.184 I/wearvian(  784): dbg: S2: session ended — write 0x12 rejected rc=SERVICE_NOT_BOUND
06-03 12:39:03.330 I/wearvian(  784): dbg: · S1  notify CCCD 0x1c acked=false (timeout)
06-03 12:39:03.334 I/wearvian(  784): dbg: · S1  notify CCCD 0x20 submit rejected rc=SERVICE_NOT_BOUND
06-03 12:39:03.336 I/wearvian(  784): dbg: · S1  notify CCCD 0x12 submit rejected rc=SERVICE_NOT_BOUND
06-03 12:39:03.338 I/wearvian(  784): dbg: · S1  notify CCCD 0x15 submit rejected rc=SERVICE_NOT_BOUND
06-03 12:39:03.340 I/wearvian(  784): dbg: · S1  notify 0x1c=false 0x20=false 0x12=false 0x15=false; → phoneId
06-03 12:39:03.342 I/wearvian(  784): dbg: S1: session ended — write 0x12 rejected rc=SERVICE_NOT_BOUND
06-03 12:39:03.691 I/wearvian(  784): dbg: · S2  connecting 74:B8:39:FA:42:83
06-03 12:39:03.830 I/wearvian(  784): dbg: · S2  connected
06-03 12:39:03.956 I/wearvian(  784): dbg: · S3  discovered (4 svc) connPriReq=true
06-03 12:39:04.309 I/wearvian(  784): dbg: · S3  disconnected status=0x05
06-03 12:39:04.851 I/wearvian(  784): dbg: · S1  connecting 74:B8:39:43:03:57
06-03 12:39:04.985 I/wearvian(  784): dbg: · S1  connected
06-03 12:39:05.500 I/wearvian(  784): dbg: · S2  discovered (4 svc) connPriReq=true
06-03 12:39:05.822 I/wearvian(  784): dbg: · S2  disconnected status=0x05
