--------- beginning of main
06-03 07:55:07.807 I/wearvian(21966): MainActivity: onCreate; requesting permissions
06-03 07:55:08.154 I/wearvian(21966): permissions result: {android.permission.BLUETOOTH_SCAN=true, android.permission.BLUETOOTH_CONNECT=true, android.permission.BLUETOOTH_ADVERTISE=true, android.permission.POST_NOTIFICATIONS=true}
06-03 07:55:10.363 I/wearvian(21966): refresh: enrolled=true hasKey=true bonded=true vin=7PDSGABA6PN021246
06-03 07:55:12.262 I/wearvian(21966): setPresence: true
06-03 07:55:12.388 I/wearvian(21966): PresenceService: onStartCommand
06-03 07:55:12.490 I/wearvian(21966): dbg: presence: wake lock acquired
06-03 07:55:12.975 I/wearvian(21966): dbg: presence: loop start for 7PDSGABA6PN021246
06-03 07:55:12.991 I/wearvian(21966): KeyManager: ECDH against vehiclePublicKey=04775F67AFF21A92…
06-03 07:55:13.943 I/wearvian(21966): dbg: · PK  connecting 2C:A7:74:FE:3C:B1
06-03 07:55:14.357 I/wearvian(21966): dbg: · PK  connected
06-03 07:55:14.380 I/wearvian(21966): dbg: · PK  discovered (4 svc)
06-03 07:55:14.729 I/wearvian(21966): dbg: · PK  notify enabled; → phoneId
06-03 07:55:15.154 I/wearvian(21966): dbg: PK: session up (vNonce b8ea7b69…)
06-03 07:55:15.194 I/wearvian(21966): dbg: ← PK/0x1c  status 0000000010070c0f003b110e0a01005078000000  20B
06-03 07:55:15.746 I/wearvian(21966): dbg: → PK/0x1b  hb ctr=0  37B
06-03 07:55:20.053 I/wearvian(21966): dbg: · S2  Rivian Sensor 2 74:B8:39:FA:42:83 rssi=-52 → session
06-03 07:55:20.056 I/wearvian(21966): dbg: · S2  connecting 74:B8:39:FA:42:83
06-03 07:55:20.233 I/wearvian(21966): dbg: · S2  connected
06-03 07:55:21.899 I/wearvian(21966): dbg: · S2  discovered (4 svc)
06-03 07:55:24.058 I/wearvian(21966): dbg: · S1  Rivian Sensor 1 74:B8:39:43:03:57 rssi=-59 → session
06-03 07:55:24.061 I/wearvian(21966): dbg: · S1  connecting 74:B8:39:43:03:57
06-03 07:55:24.192 I/wearvian(21966): dbg: · S1  connected
06-03 07:55:25.792 I/wearvian(21966): dbg: · S1  discovered (4 svc)
06-03 07:55:25.917 I/wearvian(21966): dbg: → PK/0x1b  hb ctr=13  37B
06-03 07:55:28.065 I/wearvian(21966): dbg: · S4  Rivian Sensor 4 74:B8:39:E9:77:8D rssi=-74 → session
06-03 07:55:28.069 I/wearvian(21966): dbg: · S4  connecting 74:B8:39:E9:77:8D
06-03 07:55:28.249 I/wearvian(21966): dbg: · S4  connected
06-03 07:55:29.909 I/wearvian(21966): dbg: · S4  discovered (4 svc)
06-03 07:55:32.074 I/wearvian(21966): dbg: · S3  Rivian Sensor 3 74:B8:39:F1:64:89 rssi=-75 → session
06-03 07:55:32.087 I/wearvian(21966): dbg: · S3  connecting 74:B8:39:F1:64:89
06-03 07:55:32.400 I/wearvian(21966): dbg: S3: session ended — disconnected status=133
06-03 07:55:33.920 I/wearvian(21966): dbg: · S3  connecting 74:B8:39:F1:64:89
06-03 07:55:34.254 I/wearvian(21966): dbg: · S3  connected
06-03 07:55:36.472 I/wearvian(21966): dbg: · S3  discovered (4 svc)
06-03 07:55:36.891 I/wearvian(21966): dbg: → PK/0x1b  hb ctr=26  37B
06-03 07:55:36.929 I/wearvian(21966): dbg: · S2  notify enabled; → phoneId
06-03 07:55:40.823 I/wearvian(21966): dbg: · S1  notify enabled; → phoneId
06-03 07:55:41.944 I/wearvian(21966): dbg: S2: session ended — Timed out waiting for 5000 ms
06-03 07:55:43.453 I/wearvian(21966): dbg: · S2  connecting 74:B8:39:FA:42:83
06-03 07:55:43.675 I/wearvian(21966): dbg: · S2  connected
06-03 07:55:44.940 I/wearvian(21966): dbg: · S4  notify enabled; → phoneId
06-03 07:55:45.309 I/wearvian(21966): dbg: · S2  discovered (4 svc)
06-03 07:55:45.829 I/wearvian(21966): dbg: S1: session ended — Timed out waiting for 5000 ms
06-03 07:55:47.338 I/wearvian(21966): dbg: · S1  connecting 74:B8:39:43:03:57
06-03 07:55:47.844 I/wearvian(21966): dbg: · S1  connected
06-03 07:55:49.632 I/wearvian(21966): dbg: · S1  discovered (4 svc)
06-03 07:55:49.948 I/wearvian(21966): dbg: S4: session ended — Timed out waiting for 5000 ms
06-03 07:55:51.453 I/wearvian(21966): dbg: · S4  connecting 74:B8:39:E9:77:8D
06-03 07:55:51.501 I/wearvian(21966): dbg: · S3  notify enabled; → phoneId
06-03 07:55:51.682 I/wearvian(21966): dbg: · S4  connected
06-03 07:55:52.145 I/wearvian(21966): dbg: → PK/0x1b  hb ctr=39  37B
06-03 07:55:53.312 I/wearvian(21966): dbg: · S4  discovered (4 svc)
06-03 07:55:56.515 I/wearvian(21966): dbg: S3: session ended — Timed out waiting for 5000 ms
06-03 07:55:58.021 I/wearvian(21966): dbg: · S3  connecting 74:B8:39:F1:64:89
06-03 07:55:58.379 I/wearvian(21966): dbg: · S3  connected
06-03 07:56:00.330 I/wearvian(21966): dbg: · S2  notify enabled; → phoneId
06-03 07:56:02.940 I/wearvian(21966): dbg: · S3  discovered (4 svc)
06-03 07:56:04.664 I/wearvian(21966): dbg: · S1  notify enabled; → phoneId
06-03 07:56:05.341 I/wearvian(21966): dbg: S2: session ended — Timed out waiting for 5000 ms
06-03 07:56:06.847 I/wearvian(21966): dbg: · S2  connecting 74:B8:39:FA:42:83
06-03 07:56:06.862 I/wearvian(21966): dbg: → PK/0x1b  hb ctr=52  37B
06-03 07:56:06.983 I/wearvian(21966): dbg: · S2  connected
06-03 07:56:08.330 I/wearvian(21966): dbg: · S4  notify enabled; → phoneId
06-03 07:56:08.645 I/wearvian(21966): dbg: · S2  discovered (4 svc)
06-03 07:56:08.921 I/wearvian(21966): refresh: enrolled=true hasKey=true bonded=true vin=7PDSGABA6PN021246
06-03 07:56:09.681 I/wearvian(21966): dbg: S1: session ended — Timed out waiting for 5000 ms
06-03 07:56:10.679 I/wearvian(21966): setPresence: false
06-03 07:56:10.751 I/wearvian(21966): PresenceService: onDestroy
06-03 07:56:10.753 I/wearvian(21966): dbg: presence: stopping
06-03 07:56:10.801 I/wearvian(21966): dbg: S4: session ended — Job was cancelled
06-03 07:56:10.807 I/wearvian(21966): dbg: · S2  notify enabled; → phoneId
06-03 07:56:10.809 I/wearvian(21966): dbg: · S3  notify enabled; → phoneId
06-03 07:56:10.812 I/wearvian(21966): dbg: PK: session ended — Job was cancelled
06-03 07:56:10.816 I/wearvian(21966): dbg: S2: session ended — Job was cancelled
06-03 07:56:10.817 I/wearvian(21966): dbg: S3: session ended — Job was cancelled
