--------- beginning of main
06-03 07:44:24.184 I/wearvian(21229): MainActivity: onCreate; requesting permissions
06-03 07:44:24.574 I/wearvian(21229): permissions result: {android.permission.BLUETOOTH_SCAN=true, android.permission.BLUETOOTH_CONNECT=true, android.permission.BLUETOOTH_ADVERTISE=true, android.permission.POST_NOTIFICATIONS=true}
06-03 07:44:26.876 I/wearvian(21229): refresh: enrolled=true hasKey=true bonded=true vin=7PDSGABA6PN021246
06-03 07:44:28.570 I/wearvian(21229): setPresence: true
06-03 07:44:28.705 I/wearvian(21229): PresenceService: onStartCommand
06-03 07:44:28.837 I/wearvian(21229): dbg: presence: wake lock acquired
06-03 07:44:29.407 I/wearvian(21229): dbg: presence: loop start for 7PDSGABA6PN021246
06-03 07:44:29.410 I/wearvian(21229): KeyManager: ECDH against vehiclePublicKey=04775F67AFF21A92…
06-03 07:44:30.370 I/wearvian(21229): dbg: · PK  connecting 2C:A7:74:FE:3C:B1
06-03 07:44:31.668 I/wearvian(21229): dbg: PK: session up (vNonce cbb79f4b…)
06-03 07:44:31.720 I/wearvian(21229): dbg: ← PK/0x1c  status 0000000010070c0f003b110f0a01005078000000  20B
06-03 07:44:32.051 I/wearvian(21229): dbg: → PK/0x1b  hb ctr=0  37B
06-03 07:44:36.491 I/wearvian(21229): dbg: · S2  Rivian Sensor 2 74:B8:39:FA:42:83 rssi=-51 → session
06-03 07:44:36.494 I/wearvian(21229): dbg: · S1  Rivian Sensor 1 74:B8:39:43:03:57 rssi=-57 → session
06-03 07:44:36.496 I/wearvian(21229): dbg: · S2  connecting 74:B8:39:FA:42:83
06-03 07:44:36.497 I/wearvian(21229): dbg: · S3  Rivian Sensor 3 74:B8:39:F1:64:89 rssi=-71 → session
06-03 07:44:36.504 I/wearvian(21229): dbg: · S1  connecting 74:B8:39:43:03:57
06-03 07:44:36.506 I/wearvian(21229): dbg: · S4  Rivian Sensor 4 74:B8:39:E9:77:8D rssi=-75 → session
06-03 07:44:36.510 I/wearvian(21229): dbg: · S4  connecting 74:B8:39:E9:77:8D
06-03 07:44:36.531 I/wearvian(21229): dbg: · S3  connecting 74:B8:39:F1:64:89
06-03 07:44:42.584 I/wearvian(21229): dbg: → PK/0x1b  hb ctr=13  37B
06-03 07:44:52.053 I/wearvian(21229): dbg: ← PK/0x1c  status 0100000010070c0f003b110e0a01005078000000  20B
06-03 07:44:53.200 I/wearvian(21229): dbg: → PK/0x1b  hb ctr=26  37B
06-03 07:44:58.409 I/wearvian(21229): dbg: S2: session ended — Timed out waiting for 5000 ms
06-03 07:44:58.439 I/wearvian(21229): dbg: S1: session ended — Timed out waiting for 5000 ms
06-03 07:44:58.693 I/wearvian(21229): dbg: S3: session ended — Timed out waiting for 5000 ms
06-03 07:44:58.996 I/wearvian(21229): dbg: S4: session ended — Timed out waiting for 5000 ms
06-03 07:44:59.235 I/wearvian(21229): refresh: enrolled=true hasKey=true bonded=true vin=7PDSGABA6PN021246
06-03 07:44:59.918 I/wearvian(21229): dbg: · S2  connecting 74:B8:39:FA:42:83
06-03 07:44:59.944 I/wearvian(21229): dbg: · S1  connecting 74:B8:39:43:03:57
06-03 07:45:00.196 I/wearvian(21229): dbg: · S3  connecting 74:B8:39:F1:64:89
06-03 07:45:00.502 I/wearvian(21229): dbg: · S4  connecting 74:B8:39:E9:77:8D
06-03 07:45:03.922 I/wearvian(21229): dbg: → PK/0x1b  hb ctr=39  37B
06-03 07:45:12.575 I/wearvian(21229): setPresence: false
06-03 07:45:12.655 I/wearvian(21229): PresenceService: onDestroy
06-03 07:45:12.656 I/wearvian(21229): dbg: presence: stopping
06-03 07:45:12.675 I/wearvian(21229): dbg: S1: session ended — Job was cancelled
06-03 07:45:12.678 I/wearvian(21229): dbg: S3: session ended — Job was cancelled
06-03 07:45:12.680 I/wearvian(21229): dbg: S2: session ended — Job was cancelled
06-03 07:45:12.690 I/wearvian(21229): dbg: S4: session ended — Job was cancelled
06-03 07:45:12.706 I/wearvian(21229): dbg: PK: session ended — Job was cancelled
