--------- beginning of main
06-03 07:06:15.946 I/wearvian(19305): MainActivity: onCreate; requesting permissions
06-03 07:06:16.314 I/wearvian(19305): permissions result: {android.permission.BLUETOOTH_SCAN=true, android.permission.BLUETOOTH_CONNECT=true, android.permission.BLUETOOTH_ADVERTISE=true, android.permission.POST_NOTIFICATIONS=true}
06-03 07:06:18.354 I/wearvian(19305): refresh: enrolled=true hasKey=true bonded=true vin=7PDSGABA6PN021246
06-03 07:06:19.856 I/wearvian(19305): setPresence: true
06-03 07:06:20.008 I/wearvian(19305): PresenceService: onStartCommand
06-03 07:06:20.083 I/wearvian(19305): dbg: presence: wake lock acquired
06-03 07:06:20.598 I/wearvian(19305): dbg: presence: loop start for 7PDSGABA6PN021246
06-03 07:06:20.750 I/wearvian(19305): dbg: · gatt  connecting 2C:A7:74:FE:3C:B1
06-03 07:06:21.385 I/wearvian(19305): dbg: · gatt  state=2 status=0
06-03 07:06:21.551 I/wearvian(19305): dbg: · gatt  connected + discovered
06-03 07:06:21.740 I/wearvian(19305): KeyManager: ECDH against vehiclePublicKey=04775F67AFF21A92…
06-03 07:06:22.710 I/wearvian(19305): dbg: presence: scanning sensors (svc=b3fa08fd…)
06-03 07:06:22.732 I/wearvian(19305): dbg: → 0x12  phoneId  16B
06-03 07:06:22.767 I/wearvian(19305): dbg: ← 0x12  vehicleId ok  16B
06-03 07:06:22.917 I/wearvian(19305): dbg: → 0x15  authNonce pNonce+HMAC  48B
06-03 07:06:23.099 I/wearvian(19305): dbg: ← 0x15  vNonce  20B
06-03 07:06:23.111 I/wearvian(19305): dbg: presence: session up — streaming heartbeat to 0x1b
06-03 07:06:23.134 I/wearvian(19305): dbg: ← 0x20  notify 0101010603b13cfe…  11B
06-03 07:06:23.197 I/wearvian(19305): dbg: ← 0x1c  status 0000000010070c0f003b110e0a01005078000000  20B
06-03 07:06:24.133 I/wearvian(19305): dbg: → 0x1b  heartbeat ctr=0  37B
06-03 07:06:28.894 I/wearvian(19305): dbg: presence: found 5 sensor(s)
06-03 07:06:28.897 I/wearvian(19305): dbg: · sensor  Rivian Sensor 2 74:B8:39:FA:42:83 rssi=-47
06-03 07:06:28.898 I/wearvian(19305): dbg: · sensor  Rivian Phone Key 2C:A7:74:FE:3C:B1 rssi=-60
06-03 07:06:28.899 I/wearvian(19305): dbg: · sensor  Rivian Sensor 1 74:B8:39:43:03:57 rssi=-61
06-03 07:06:28.900 I/wearvian(19305): dbg: · sensor  Rivian Sensor 3 74:B8:39:F1:64:89 rssi=-69
06-03 07:06:28.902 I/wearvian(19305): dbg: · sensor  Rivian Sensor 4 74:B8:39:E9:77:8D rssi=-75
06-03 07:06:34.475 I/wearvian(19305): dbg: → 0x1b  heartbeat ctr=13  37B
06-03 07:06:42.455 I/wearvian(19305): dbg: ← 0x1c  status 0100000010070c0f003b110d0a01005078000000  20B
06-03 07:06:46.318 I/wearvian(19305): dbg: → 0x1b  heartbeat ctr=26  37B
06-03 07:06:57.371 I/wearvian(19305): refresh: enrolled=true hasKey=true bonded=true vin=7PDSGABA6PN021246
06-03 07:06:59.201 I/wearvian(19305): setPresence: false
06-03 07:06:59.283 I/wearvian(19305): PresenceService: onDestroy
06-03 07:06:59.284 I/wearvian(19305): dbg: presence: stopping
06-03 07:06:59.363 I/wearvian(19305): dbg: presence: session ended — Job was cancelled
