--------- beginning of main
06-03 06:47:05.310 I/wearvian(17495): setPresence: true
06-03 06:47:05.402 I/wearvian(17495): PresenceService: onStartCommand
06-03 06:47:05.413 I/wearvian(17495): dbg: presence: wake lock acquired
06-03 06:47:05.755 I/wearvian(17495): dbg: presence: loop start for 7PDSGABA6PN021246
06-03 06:47:05.757 I/wearvian(17495): dbg: presence: scanning for sensors…
06-03 06:47:11.802 I/wearvian(17495): dbg: presence: found 0 sensor-service device(s)
06-03 06:47:11.817 I/wearvian(17495): dbg: · gatt  connecting 2C:A7:74:FE:3C:B1
06-03 06:47:11.956 I/wearvian(17495): dbg: · gatt  state=2 status=0
06-03 06:47:11.982 I/wearvian(17495): dbg: · gatt  connected + discovered
06-03 06:47:12.335 I/wearvian(17495): KeyManager: ECDH against vehiclePublicKey=04775F67AFF21A92…
06-03 06:47:12.858 I/wearvian(17495): dbg: → 0x12  phoneId  16B
06-03 06:47:17.889 I/wearvian(17495): dbg: presence: session ended — Timed out waiting for 5000 ms
06-03 06:47:19.406 I/wearvian(17495): dbg: · gatt  connecting 2C:A7:74:FE:3C:B1
06-03 06:47:19.560 I/wearvian(17495): dbg: · gatt  state=2 status=0
06-03 06:47:19.570 I/wearvian(17495): dbg: · gatt  connected + discovered
06-03 06:47:20.061 I/wearvian(17495): KeyManager: ECDH against vehiclePublicKey=04775F67AFF21A92…
06-03 06:47:20.626 I/wearvian(17495): dbg: → 0x12  phoneId  16B
06-03 06:47:20.634 I/wearvian(17495): dbg: ← 0x12  vehicleId ok  16B
06-03 06:47:20.805 I/wearvian(17495): dbg: → 0x15  authNonce pNonce+HMAC  48B
06-03 06:47:20.864 I/wearvian(17495): dbg: ← 0x15  vNonce  20B
06-03 06:47:20.867 I/wearvian(17495): dbg: presence: session up — streaming heartbeat to 0x1b
06-03 06:47:20.868 I/wearvian(17495): dbg: ← 0x20  notify 0101010603b13cfe…  11B
06-03 06:47:20.906 I/wearvian(17495): dbg: ← 0x1c  status 0000000010070c0f003b110d0a01005078000000  20B
06-03 06:47:21.157 I/wearvian(17495): dbg: → 0x1b  heartbeat ctr=0  37B
06-03 06:47:23.907 I/wearvian(17495): refresh: enrolled=true hasKey=true bonded=true vin=7PDSGABA6PN021246
06-03 06:47:24.694 I/wearvian(17495): setPresence: true
06-03 06:47:24.761 I/wearvian(17495): PresenceService: onStartCommand
06-03 06:47:25.192 I/wearvian(17495): dbg: presence: loop start for 7PDSGABA6PN021246
06-03 06:47:25.193 I/wearvian(17495): dbg: presence: scanning for sensors…
06-03 06:47:31.224 I/wearvian(17495): dbg: presence: found 0 sensor-service device(s)
06-03 06:47:31.241 I/wearvian(17495): dbg: · gatt  connecting 2C:A7:74:FE:3C:B1
06-03 06:47:31.257 I/wearvian(17495): dbg: · gatt  state=2 status=0
06-03 06:47:31.269 I/wearvian(17495): dbg: · gatt  connected + discovered
06-03 06:47:31.883 I/wearvian(17495): dbg: ← 0x1c  status 0100000010070c0f003b110d0a01005078000000  20B
06-03 06:47:31.886 I/wearvian(17495): dbg: ← 0x1c  status 0100000010070c0f003b110d0a01005078000000  20B
06-03 06:47:32.331 I/wearvian(17495): KeyManager: ECDH against vehiclePublicKey=04775F67AFF21A92…
06-03 06:47:32.973 I/wearvian(17495): dbg: · gatt  state=0 status=19
06-03 06:47:32.975 I/wearvian(17495): dbg: → 0x12  phoneId  16B
06-03 06:47:32.977 I/wearvian(17495): dbg: · gatt  state=0 status=19
