--------- beginning of main
06-03 10:41:33.852 I/wearvian(26373): MainActivity: onCreate; requesting permissions
06-03 10:41:34.247 I/wearvian(26373): permissions result: {android.permission.BLUETOOTH_SCAN=true, android.permission.BLUETOOTH_CONNECT=true, android.permission.BLUETOOTH_ADVERTISE=true, android.permission.POST_NOTIFICATIONS=true}
06-03 10:41:36.476 I/wearvian(26373): refresh: enrolled=true hasKey=true bonded=true vin=7PDSGABA6PN021246
06-03 10:41:38.044 I/wearvian(26373): setPresence: true
06-03 10:41:38.185 I/wearvian(26373): PresenceService: onStartCommand
06-03 10:41:38.303 I/wearvian(26373): dbg: presence: wake lock acquired
06-03 10:41:38.913 I/wearvian(26373): dbg: presence: loop start for 7PDSGABA6PN021246
06-03 10:41:38.919 I/wearvian(26373): KeyManager: ECDH against vehiclePublicKey=04775F67AFF21A92…
06-03 10:41:39.910 I/wearvian(26373): dbg: · PK  connecting 2C:A7:74:FE:3C:B1
06-03 10:41:40.318 I/wearvian(26373): dbg: · PK  connected
06-03 10:41:40.418 I/wearvian(26373): dbg: · PK  discovered (4 svc)
06-03 10:41:40.669 I/wearvian(26373): dbg: · PK  notify enabled; → phoneId
06-03 10:41:40.795 I/wearvian(26373): dbg: · PK  phoneId echo ok
06-03 10:41:41.099 I/wearvian(26373): dbg: PK: session up (vNonce f5cd0a12…)
06-03 10:41:41.120 I/wearvian(26373): dbg: ← PK/0x20  msg 0101010603b13cfe…  11B
06-03 10:41:41.161 I/wearvian(26373): dbg: ← PK/0x1c  status 0000000010070c0f00331314e52c025078000000  20B
06-03 10:41:41.198 I/wearvian(26373): dbg: → PK/0x20  SensorInformation(01)  1B
06-03 10:41:41.942 I/wearvian(26373): dbg: → PK/0x1b  hb ctr=0 rssi=-66  37B
06-03 10:41:52.561 I/wearvian(26373): dbg: → PK/0x1b  hb ctr=10 rssi=-69  37B
06-03 10:41:54.276 I/wearvian(26373): dbg: ← PK/0x1c  status 0100000010070c0f00331314e500005078000000  20B
06-03 10:41:55.264 I/wearvian(26373): dbg: ← PK/0x1c  status 0200000010070c0f00331814e500005078000000  20B
06-03 10:41:58.815 I/wearvian(26373): dbg: ← PK/0x1c  status 0300000010070c0f00331814e500005078000000  20B
06-03 10:42:03.481 I/wearvian(26373): dbg: → PK/0x1b  hb ctr=20 rssi=-61  37B
06-03 10:42:04.802 I/wearvian(26373): dbg: ← PK/0x1c  status 0400000010070c0f00331814e500005078000000  20B
06-03 10:42:05.874 I/wearvian(26373): dbg: ← PK/0x1c  status 0500000010070c0f00331114e500005078000000  20B
06-03 10:42:07.170 I/wearvian(26373): dbg: · S3  Rivian Sensor 3 74:B8:39:F1:64:89 rssi=-52 → session
06-03 10:42:07.173 I/wearvian(26373): dbg: · S3  connecting 74:B8:39:F1:64:89
06-03 10:42:07.643 I/wearvian(26373): dbg: · S3  connected
06-03 10:42:08.674 I/wearvian(26373): dbg: · S2  Rivian Sensor 2 74:B8:39:FA:42:83 rssi=-60 → session
06-03 10:42:08.678 I/wearvian(26373): dbg: · S2  connecting 74:B8:39:FA:42:83
06-03 10:42:08.826 I/wearvian(26373): dbg: · S2  connected
06-03 10:42:09.883 I/wearvian(26373): dbg: · S3  discovered (4 svc)
06-03 10:42:10.178 I/wearvian(26373): dbg: · S4  Rivian Sensor 4 74:B8:39:E9:77:8D rssi=-69 → session
06-03 10:42:10.181 I/wearvian(26373): dbg: · S4  connecting 74:B8:39:E9:77:8D
06-03 10:42:10.344 I/wearvian(26373): dbg: · S4  connected
06-03 10:42:10.437 I/wearvian(26373): dbg: · S2  discovered (4 svc)
06-03 10:42:11.686 I/wearvian(26373): dbg: · S1  Rivian Sensor 1 74:B8:39:43:03:57 rssi=-69 → session
06-03 10:42:11.695 I/wearvian(26373): dbg: · S1  connecting 74:B8:39:43:03:57
06-03 10:42:11.985 I/wearvian(26373): dbg: · S1  connected
06-03 10:42:12.014 I/wearvian(26373): dbg: · S4  discovered (4 svc)
06-03 10:42:12.969 I/wearvian(26373): dbg: ← PK/0x1c  status 0600000010070c0f00331114e500005078000000  20B
06-03 10:42:13.637 I/wearvian(26373): dbg: · S1  discovered (4 svc)
06-03 10:42:16.197 I/wearvian(26373): dbg: → PK/0x1b  hb ctr=30 rssi=-65  37B
06-03 10:42:17.114 I/wearvian(26373): refresh: enrolled=true hasKey=true bonded=true vin=7PDSGABA6PN021246
